// Jest Snapshot v1, https://goo.gl/fbAQLP

exports[`shallow render 1`] = `
<div
  className="card_link_row layout-row layout-wrap flex-100 layout-align-space-around-center"
>
  <CardLink
    allowedCargoTypes={Object {}}
    code=""
    handleClick={[Function]}
    img="FOO_IMG"
    key="FOO_NAME"
    options={
      Object {
        "name": "FOO_OPTIONS_NAME",
      }
    }
    path="FOO_URL"
    selectedType="SELECTED_TYPE"
    t={[Function]}
    text="FOO_NAME"
    theme={
      Object {
        "colors": Object {
          "primary": "#333",
          "secondary": "#fafafa",
        },
      }
    }
  />
  <CardLink
    allowedCargoTypes={Object {}}
    code=""
    handleClick={[Function]}
    img="BAR_IMG"
    key="BAR_NAME"
    options={
      Object {
        "name": "BAR_OPTIONS_NAME",
      }
    }
    path="BAR_URL"
    selectedType="SELECTED_TYPE"
    t={[Function]}
    text="BAR_NAME"
    theme={
      Object {
        "colors": Object {
          "primary": "#333",
          "secondary": "#fafafa",
        },
      }
    }
  />
</div>
`;
