// Jest Snapshot v1, https://goo.gl/fbAQLP

exports[`shallow render 1`] = `
<Modal
  component={
    <div
      className="body_wrapper flex-100 layout-row layout-align-center-center layout-wrap"
    >
      <div
        className="help_header flex-100 layout-row.layout-align-start-center "
      >
        <h3
          className="flex-90 offset-5"
        >
          Need help?
        </h3>
      </div>
      <div
        className="help_content flex-100 layout-row.layout-align-start-center layout-wrap"
      >
        <p
          className="flex-none"
          style={
            Object {
              "marginTop": "18px",
            }
          }
        >
           Send an email detailing your issues to:
        </p>
      </div>
      <div
        className="help_content flex-100 layout-row layout-align-start-start layout-wrap"
      >
        <div
          className="email_row flex-100 layout-row layout-align-space-between-center layout-wrap"
        >
          <div
            className="flex-30 layout-row layout-align-start-center"
          >
            <p
              className="flex-none no_m"
            >
              <strong>
                General Enquiries: 
              </strong>
            </p>
          </div>
          <div
            className="email_box flex-70 layout-row layout-align-start-center layout-wrap"
          >
            <div
              className="flex-100 layout-row layout-align-start-center"
            >
              <i
                className="fa fa-envelope flex-none"
                style={
                  Object {
                    "color": "#333",
                    "marginRight": "10px",
                  }
                }
              />
              <a
                className="flex-80 pointy"
                href="mailto:general@general.com"
              >
                general@general.com
              </a>
            </div>
            <div
              className="flex-100 layout-row layout-align-start-center"
            >
              <i
                className="fa fa-phone flex-none"
                style={
                  Object {
                    "color": "#333",
                    "marginRight": "10px",
                  }
                }
              />
              <a
                className="flex-80 pointy"
                href="tel:+49 123445567"
              >
                +49 123445567
              </a>
            </div>
          </div>
        </div>
        <div
          className="email_row flex-100 layout-row layout-align-space-between-center"
        >
          <div
            className="flex-30 layout-row layout-align-start-center"
          >
            <p
              className="flex-none no_m"
            >
              <strong>
                Foo
                :
              </strong>
            </p>
          </div>
          <div
            className="email_box flex-70 layout-row layout-align-start-center"
          >
            <i
              className="fa fa-envelope flex-none"
              style={
                Object {
                  "color": "#333",
                  "marginRight": "10px",
                }
              }
            />
            <a
              className="flex-80 pointy"
              href="mailto:foo@foo.com"
            >
              foo@foo.com
            </a>
          </div>
        </div>
        <div
          className="email_row flex-100 layout-row layout-align-space-between-center"
        >
          <div
            className="flex-30 layout-row layout-align-start-center"
          >
            <p
              className="flex-none no_m"
            >
              <strong>
                Bar
                :
              </strong>
            </p>
          </div>
          <div
            className="email_box flex-70 layout-row layout-align-start-center"
          >
            <i
              className="fa fa-envelope flex-none"
              style={
                Object {
                  "color": "#333",
                  "marginRight": "10px",
                }
              }
            />
            <a
              className="flex-80 pointy"
              href="mailto:bar@bar.com"
            >
              bar@bar.com
            </a>
          </div>
        </div>
      </div>
    </div>
  }
  flexOptions=""
  horizontalPadding="20px"
  maxWidth="90%"
  minHeight=""
  showExit={false}
  theme={
    Object {
      "colors": Object {
        "primary": "#333",
        "secondary": "#fafafa",
      },
    }
  }
  verticalPadding="20px"
/>
`;
