// Jest Snapshot v1, https://goo.gl/fbAQLP

exports[`shallow rendering 1`] = `
<div
  className="layout-row flex-100 layout-align-center layout-wrap"
>
  <div
    className="shop_banner layout-row flex-100 layout-align-center"
    style={
      Object {
        "backgroundImage": "url('https://assets.itsmycargo.com/assets/cityimages/ssview_container_yard.jpg')",
      }
    }
  >
    <div
      className="fade"
    />
    <div
      className="layout-row content_width layout-wrap layout-align-start-center banner_content"
    >
      <h3
        className="flex-none header"
      >
        Quotation
      </h3>
      <i
        className="fa fa-chevron-right fade"
      />
      <p
        className="flex-70 fade"
      >
         
         
      </p>
    </div>
  </div>
  <div
    className="stage_row layout-row flex-100 layout-align-center"
  >
    <div
      className="stage_box flex-none layout-column layout-align-start-center "
      onClick={[Function]}
    >
      <div
        className="wrapper_shop_stage_current"
      >
        <div
          className="layout-column layout-align-center-center shop_stage_current flex-none "
        >
          <i
            className="flex-none fa fa-chevron-left clip"
            style={
              Object {
                "background": "-webkit-linear-gradient(-90deg, #333,#fafafa)",
              }
            }
          />
        </div>
        <div
          className="shop_stage_current_border"
          style={
            Object {
              "background": "-webkit-linear-gradient(-90deg, #333,#fafafa)",
            }
          }
        />
      </div>
      <p
        className="flex-none stage_text"
      >
        Previous Step
      </p>
    </div>
    <div>
      <div
        className="line_box layout-row layout-align-center flex-none "
      >
        <div
          className="quote_line flex-none"
        />
        <div
          className="stage_box flex-none layout-column layout-align-start-center"
          key="1"
        >
          <div
            className="wrapper_shop_stage_current"
          >
            <div
              className="layout-column layout-align-center-center shop_stage_current flex-none "
            >
              <h3
                className="flex-none"
                style={
                  Object {
                    "background": "-webkit-linear-gradient(-90deg, undefined,undefined)",
                  }
                }
              >
                 
                1
                 
              </h3>
            </div>
            <div
              className="shop_stage_current_border"
              style={
                Object {
                  "background": "-webkit-linear-gradient(-90deg, undefined,undefined)",
                }
              }
            />
          </div>
          <p
            className="flex-none stage_text"
          >
            Choose shipment type
          </p>
        </div>
        <div
          className="stage_box flex-none layout-column layout-align-start-center"
          key="2"
        >
          <div
            className="shop_stage_yet layout-column layout-align-center-center"
          >
            <h3
              className="flex-none"
            >
               
              2
               
            </h3>
          </div>
          <p
            className="flex-none stage_text"
          >
            Shipment Details
          </p>
        </div>
        <div
          className="stage_box flex-none layout-column layout-align-start-center"
          key="3"
        >
          <div
            className="shop_stage_yet layout-column layout-align-center-center"
          >
            <h3
              className="flex-none"
            >
               
              3
               
            </h3>
          </div>
          <p
            className="flex-none stage_text"
          >
            View Quotes
          </p>
        </div>
      </div>
    </div>
    <div
      className="stage_box flex-none layout-column layout-align-start-center"
    />
    <div
      className="flex-none layout-row layout-align-center-center pointy"
      onClick={[Function]}
    >
      <p
        className="flex-none"
      >
        Need help?
      </p>
      <i
        className="fa fa-question-circle"
      />
    </div>
  </div>
</div>
`;
