// Jest Snapshot v1, https://goo.gl/fbAQLP

exports[`shallow render 1`] = `
<div
  className="flex-100 layout-row layout-wrap layout-align-start-start extra_padding header_buffer"
>
  <div
    className="flex-100 layout-row layout-wrap layout-align-start-start padding_top extra_padding"
  >
    <Tabs
      defaultActiveTabIndex={0}
      wrapperTabs="layout-row flex-40"
    >
      <Tab
        icon={null}
        isActive={false}
        onClick={null}
        tabIndex={0}
        tabTitle="Requested"
        theme={
          Object {
            "colors": Object {
              "primary": "#333",
              "secondary": "#fafafa",
            },
          }
        }
      >
        <AdminSearchableShipments
          dispatches={
            Object {
              "getShipment": [Function],
            }
          }
          handleClick={null}
          limit={0}
          seeAll={false}
          shipments={Array []}
          theme={
            Object {
              "colors": Object {
                "primary": "#333",
                "secondary": "#fafafa",
              },
            }
          }
          title=""
          tooltip="Shipments requested from the open or client shop. Investigate the shipment data and evaluate whether to accept, edit or decline the shipment"
          userView={true}
        />
      </Tab>
      <Tab
        icon={null}
        isActive={false}
        onClick={null}
        tabIndex={0}
        tabTitle="Open"
        theme={
          Object {
            "colors": Object {
              "primary": "#333",
              "secondary": "#fafafa",
            },
          }
        }
      >
        <AdminSearchableShipments
          dispatches={
            Object {
              "getShipment": [Function],
            }
          }
          handleClick={null}
          limit={0}
          seeAll={false}
          shipments={Array []}
          theme={
            Object {
              "colors": Object {
                "primary": "#333",
                "secondary": "#fafafa",
              },
            }
          }
          title=""
          tooltip="Shipments that have been accepted or edited. Shipments in this category requires transportation"
          userView={true}
        />
      </Tab>
      <Tab
        icon={null}
        isActive={false}
        onClick={null}
        tabIndex={0}
        tabTitle="Finished"
        theme={
          Object {
            "colors": Object {
              "primary": "#333",
              "secondary": "#fafafa",
            },
          }
        }
      >
        <AdminSearchableShipments
          dispatches={
            Object {
              "getShipment": [Function],
            }
          }
          handleClick={null}
          limit={0}
          seeAll={false}
          shipments={Array []}
          theme={
            Object {
              "colors": Object {
                "primary": "#333",
                "secondary": "#fafafa",
              },
            }
          }
          title=""
          tooltip="Shipments that have been processed and will be saved as history"
          userView={true}
        />
      </Tab>
    </Tabs>
    <div
      className="flex-95 flex-offset-5 layout-row layout-wrap layout-align-start-start"
    >
      <div
        className="flex-100 layout-row layout-align-space-between-center sec_subheader"
      >
        <p
          className=" sec_subheader_text flex-none"
        >
           No Shipments yet
        </p>
      </div>
      <p
        className="flex-none"
      >
         As shipments are requested, they will appear here
      </p>
    </div>
  </div>
</div>
`;
