// Jest Snapshot v1, https://goo.gl/fbAQLP

exports[`shallow render 1`] = `
<div
  className="flex-100 layout-row layout-wrap contact_card"
  style={
    Object {
      "borderColor": "#fafafa",
    }
  }
>
  <div
    className="flex layout-row"
    onClick={null}
  >
    <i
      className="plus_icon fa fa-plus"
      onClick={[Function]}
    />
    <i
      className="edit_icon fa fa-pencil"
      onClick={[Function]}
    />
  </div>
  <div
    className="flex-100 layout-row layout-align-start-start"
  >
    <i
      className="main_icon fa fa-user"
      style={
        Object {
          "background": "-webkit-linear-gradient(-90deg, #333,#fafafa)",
        }
      }
    />
    <h3
      className="contact_name"
    >
      John
       
      Doe
      <br />
      <span
        className="secondary_info"
      >
        <Truncate
          ellipsis="…"
          lines={1}
          trimWhitespace={false}
          width={0}
        >
          CONTACT_COMPANY_NAME
           
        </Truncate>
      </span>
    </h3>
  </div>
  <div
    className="flex-100 layout-row layout-align-start-start layout-wrap"
  >
    <div
      className="flex-100 layout-row layout-align-space-around-start"
    >
      <i
        className="main_icon fa fa-map-marker flex-none"
        style={
          Object {
            "background": "-webkit-linear-gradient(-90deg, #333,#fafafa)",
          }
        }
      />
      <p
        className="secondary_info flex"
      >
        <br />
        <b />
        ,
        <br />
        <Truncate
          ellipsis="…"
          lines={1}
          trimWhitespace={false}
          width={0}
        />
      </p>
    </div>
  </div>
  <div
    className="contact_data_sec flex-100 layout-row layout-wrap layout-align-space-between-center"
  >
    <div
      className="flex-100 layout-row layout-align-start-center"
      style={
        Object {
          "paddingBottom": "12px",
        }
      }
    >
      <i
        className="fa fa-envelope flex-none"
        style={
          Object {
            "background": "-webkit-linear-gradient(-90deg, #333,#fafafa)",
          }
        }
      />
      <p
        className="contact_data flex"
      >
        <Truncate
          ellipsis="…"
          lines={1}
          trimWhitespace={false}
          width={0}
        >
           
          foo@bar.baz
           
        </Truncate>
      </p>
    </div>
    <div
      className="flex-100 layout-row layout-align-end-center"
    >
      <i
        className="fa fa-phone flex-none"
        style={
          Object {
            "background": "-webkit-linear-gradient(-90deg, #333,#fafafa)",
          }
        }
      />
      <p
        className="contact_data flex"
      >
        <Truncate
          ellipsis="…"
          lines={1}
          trimWhitespace={false}
          width={0}
        >
           
          0761452887
           
        </Truncate>
      </p>
    </div>
  </div>
</div>
`;
