// Jest Snapshot v1, https://goo.gl/fbAQLP

exports[`shallow rendering 1`] = `
<div
  className="flex-100 layout-row layout-wrap"
>
  <div
    className="flex-100 layout-row layout-wrap layout-align-center"
  >
    <div
      className="content_width flex-none  layout-row layout-wrap layout-align-start"
    >
      <div
        className=" thank_box flex-100 layout-row layout-wrap"
      >
        <div
          className=" thank_you flex-100 layout-row layout-align-start"
        >
          <p
            className="flex-100"
          >
            Thank you for your booking request.
          </p>
        </div>
        <div
          className="b_ref flex-100 layout-row layout-align-start"
        >
          Booking Reference
          : 
          SHIPMENT_IMC_REFERENCE
        </div>
        <div
          className="flex-100 layout-row layout-align-start layout-wrap thank_details"
        >
          <p
            className="flex-100"
          >
            Booking request confirmation has been sent to your account email address.
            <br />
            Please note that the rates can be changed without prior notice.
            <br />
            Your booking will be confirmed after a review.
            <br />
            Do not hesitate to contact us or your account manager directly via email or phone.
          </p>
        </div>
        <hr
          className="sec_break flex-100"
        />
        <div
          className="back_to_dash_sec flex-100 layout-row layout-wrap layout-align-center"
        >
          <div
            className="content_width flex-none content-width layout-row layout-align-start-center"
          >
            <RoundButton
              active={false}
              back={true}
              classNames=""
              disabled={false}
              flexContainer="100"
              handleDisabled={null}
              handleNext={[Function]}
              icon=""
              iconClass="fa-angle0-left"
              inverse={false}
              size=""
              text="Back to dashboard"
              theme={
                Object {
                  "colors": Object {
                    "primary": "#333",
                    "secondary": "#fafafa",
                  },
                }
              }
            />
          </div>
        </div>
      </div>
    </div>
  </div>
</div>
`;

exports[`shipment.status === requested_by_unconfirmed_account 1`] = `
<div
  className="flex-100 layout-row layout-wrap"
>
  <div
    className="flex-100 layout-row layout-wrap layout-align-center"
  >
    <div
      className="content_width flex-none  layout-row layout-wrap layout-align-start"
    >
      <div
        className=" thank_box flex-100 layout-row layout-wrap"
      >
        <div
          className=" thank_you flex-100 layout-row layout-align-start"
        >
          <p
            className="flex-100"
          >
            Thank you for your booking request.
          </p>
        </div>
        <div
          className="b_ref flex-100 layout-row layout-align-start"
        >
          Booking Reference
          : 
          SHIPMENT_IMC_REFERENCE
        </div>
        <div
          className="flex-100 layout-row layout-align-start layout-wrap thank_details"
        >
          <p
            className="flex-100"
          >
            Booking request confirmation has been sent to your account email address.
            <br />
            Please note that the rates can be changed without prior notice.
            <br />
            Your booking will be confirmed after a review.
            <br />
            Do not hesitate to contact us or your account manager directly via email or phone.
          </p>
        </div>
        <hr
          className="sec_break flex-100"
        />
        <div
          className="back_to_dash_sec flex-100 layout-row layout-wrap layout-align-center"
        >
          <div
            className="content_width flex-none content-width layout-row layout-align-start-center"
          >
            <RoundButton
              active={false}
              back={true}
              classNames=""
              disabled={false}
              flexContainer="100"
              handleDisabled={null}
              handleNext={[Function]}
              icon=""
              iconClass="fa-angle0-left"
              inverse={false}
              size=""
              text="Back to dashboard"
              theme={
                Object {
                  "colors": Object {
                    "primary": "#333",
                    "secondary": "#fafafa",
                  },
                }
              }
            />
          </div>
        </div>
      </div>
    </div>
  </div>
</div>
`;

exports[`shipmentData is falsy 1`] = `
<h1>
   Loading
</h1>
`;

exports[`shipmentData.shipment is falsy 1`] = `
<h1>
   
   Loading
</h1>
`;
